nx_stm32_eth_driver.c:154:7:nx_stm32_eth_driver	16	static
nx_stm32_eth_driver.c:319:14:_nx_driver_interface_attach	16	static
nx_stm32_eth_driver.c:378:14:_nx_driver_initialize	32	static
nx_stm32_eth_driver.c:499:14:_nx_driver_enable	24	static
nx_stm32_eth_driver.c:594:14:_nx_driver_disable	24	static
nx_stm32_eth_driver.c:680:14:_nx_driver_packet_send	32	static
nx_stm32_eth_driver.c:847:14:_nx_driver_multicast_join	24	static
nx_stm32_eth_driver.c:915:14:_nx_driver_multicast_leave	24	static
nx_stm32_eth_driver.c:982:14:_nx_driver_get_status	24	static
nx_stm32_eth_driver.c:1048:14:_nx_driver_capability_get	16	static
nx_stm32_eth_driver.c:1099:14:_nx_driver_capability_set	24	static
nx_stm32_eth_driver.c:1167:14:_nx_driver_deferred_processing	40	static,ignoring_inline_asm
nx_stm32_eth_driver.c:1250:13:_nx_driver_transfer_to_netx	24	static
nx_stm32_eth_driver.c:1538:14:_nx_driver_hardware_initialize	48	static
nx_stm32_eth_driver.c:1812:14:_nx_driver_hardware_enable	16	static
nx_stm32_eth_driver.c:1871:14:_nx_driver_hardware_disable	16	static
nx_stm32_eth_driver.c:1922:14:_nx_driver_hardware_packet_send	48	static,ignoring_inline_asm
nx_stm32_eth_driver.c:2154:14:_nx_driver_hardware_multicast_join	16	static
nx_stm32_eth_driver.c:2214:14:_nx_driver_hardware_multicast_leave	16	static
nx_stm32_eth_driver.c:2277:14:_nx_driver_hardware_get_status	16	static
nx_stm32_eth_driver.c:2327:14:_nx_driver_hardware_packet_transmitted	40	static
nx_stm32_eth_driver.c:2444:14:_nx_driver_hardware_packet_received	40	static
nx_stm32_eth_driver.c:2679:13:_nx_driver_hardware_capability_set	16	static
nx_stm32_eth_driver.c:2687:6:HAL_ETH_RxCpltCallback	24	static
nx_stm32_eth_driver.c:2702:6:HAL_ETH_TxCpltCallback	24	static
