stm32f4xx_hal_eth.c:213:19:HAL_ETH_Init	32	static
stm32f4xx_hal_eth.c:298:19:HAL_ETH_DeInit	16	static
stm32f4xx_hal_eth.c:334:19:HAL_ETH_DMATxDescListInit	32	static
stm32f4xx_hal_eth.c:401:19:HAL_ETH_DMARxDescListInit	32	static
stm32f4xx_hal_eth.c:468:13:HAL_ETH_MspInit	16	static
stm32f4xx_hal_eth.c:483:13:HAL_ETH_MspDeInit	16	static
stm32f4xx_hal_eth.c:693:19:HAL_ETH_TransmitFrame	32	static
stm32f4xx_hal_eth.c:806:19:HAL_ETH_GetReceivedFrame	24	static
stm32f4xx_hal_eth.c:886:19:HAL_ETH_GetReceivedFrame_IT	24	static
stm32f4xx_hal_eth.c:971:6:HAL_ETH_IRQHandler	16	static
stm32f4xx_hal_eth.c:1045:13:HAL_ETH_TxCpltCallback	16	static
stm32f4xx_hal_eth.c:1060:13:HAL_ETH_RxCpltCallback	16	static
stm32f4xx_hal_eth.c:1075:13:HAL_ETH_ErrorCallback	16	static
stm32f4xx_hal_eth.c:1093:19:HAL_ETH_ReadPHYRegister	32	static
stm32f4xx_hal_eth.c:1163:19:HAL_ETH_WritePHYRegister	32	static
stm32f4xx_hal_eth.c:1255:19:HAL_ETH_Start	16	static
stm32f4xx_hal_eth.c:1294:19:HAL_ETH_Stop	16	static
stm32f4xx_hal_eth.c:1334:19:HAL_ETH_ConfigMAC	24	static
stm32f4xx_hal_eth.c:1501:19:HAL_ETH_ConfigDMA	24	static
stm32f4xx_hal_eth.c:1586:6:HAL_ETH_SetMDIOClockRange	24	static
stm32f4xx_hal_eth.c:1657:22:HAL_ETH_GetState	16	static
stm32f4xx_hal_eth.c:1682:13:ETH_MACDMAConfig	200	static
stm32f4xx_hal_eth.c:1945:13:ETH_MACAddressConfig	32	static
stm32f4xx_hal_eth.c:1972:13:ETH_MACTransmissionEnable	24	static
stm32f4xx_hal_eth.c:1992:13:ETH_MACTransmissionDisable	24	static
stm32f4xx_hal_eth.c:2012:13:ETH_MACReceptionEnable	24	static
stm32f4xx_hal_eth.c:2032:13:ETH_MACReceptionDisable	24	static
stm32f4xx_hal_eth.c:2052:13:ETH_DMATransmissionEnable	16	static
stm32f4xx_hal_eth.c:2064:13:ETH_DMATransmissionDisable	16	static
stm32f4xx_hal_eth.c:2076:13:ETH_DMAReceptionEnable	16	static
stm32f4xx_hal_eth.c:2088:13:ETH_DMAReceptionDisable	16	static
stm32f4xx_hal_eth.c:2100:13:ETH_FlushTransmitFIFO	24	static
stm32f4xx_hal_eth.c:2119:13:ETH_Delay	24	static,ignoring_inline_asm
